../CMSIS/core_cm0plus.h:733:22:__NVIC_EnableIRQ	16	static
../CMSIS/core_cm0plus.h:840:22:__NVIC_SetPriority	24	static
../drivers/fsl_port.h:268:20:PORT_SetPinConfig	32	static
../drivers/fsl_port.h:439:20:PORT_SetPinInterruptConfig	24	static
../drivers/fsl_port.h:484:20:PORT_ClearPinsInterruptFlags	16	static
../source/bsp_kl46/mma8451.c:140:16:mma8451_read_reg	56	static
../source/bsp_kl46/mma8451.c:159:6:mma8451_read_reg_batch	48	static
../source/bsp_kl46/mma8451.c:176:13:mma8451_write_reg	48	static
../source/bsp_kl46/mma8451.c:193:13:config_port_int1	16	static
../source/bsp_kl46/mma8451.c:224:6:mma8451_init	24	static
../source/bsp_kl46/mma8451.c:267:6:mma8451_setDataRate	32	static
../source/bsp_kl46/mma8451.c:290:6:mma8451_isDataReady	8	static
../source/bsp_kl46/mma8451.c:299:9:mma8451_getAcX	8	static
../source/bsp_kl46/mma8451.c:304:9:mma8451_getAcY	8	static
../source/bsp_kl46/mma8451.c:309:9:mma8451_getAcZ	8	static
../source/bsp_kl46/mma8451.c:314:13:readAccelerationFromRegisters	16	static
../source/bsp_kl46/mma8451.c:337:6:PORTC_PORTD_IRQHandler	16	static
